// Jest Snapshot v1, https://goo.gl/fbAQLP

exports[`OmButton Component it should render a button 1`] = `
<div>
  <button
    className="MuiButtonBase-root MuiButton-root makeStyles-root-1 MuiButton-outlined MuiButton-outlinedPrimary"
    disabled={false}
    onBlur={[Function]}
    onDragLeave={[Function]}
    onFocus={[Function]}
    onKeyDown={[Function]}
    onKeyUp={[Function]}
    onMouseDown={[Function]}
    onMouseLeave={[Function]}
    onMouseUp={[Function]}
    onTouchEnd={[Function]}
    onTouchMove={[Function]}
    onTouchStart={[Function]}
    style={
      Object {
        "borderRadius": 8,
      }
    }
    tabIndex={0}
    type="button"
  >
    <span
      className="MuiButton-label"
    />
  </button>
</div>
`;
